<?xml version='1.0' encoding='UTF-8'?>
<!DOCTYPE dataset SYSTEM "src/test/resources/dbunit/test.dtd">
<dataset>
    <role name="guest"/>
    <role name="admin"/>
    <role name="subscriber"/>
    <role name="testRole"/>
</dataset>
